[2026-09-11 22:22:22] 升级包下载完成
[2026-09-11 22:22:22] 升级包安全检查通过
[2026-09-11 22:22:22] 当前版本备份完成
[2026-09-11 22:22:22] 升级包解压完成
[2026-09-11 22:22:22] 程序文件安装完成
[2026-09-11 22:22:22] 健康检查通过
[2026-09-11 22:22:22] 当前版本已更新为 1.0.5
[2026-09-11 22:22:22] 升级日志上报成功: 1.0.4 -> 1.0.5 / success
[2026-09-11 22:22:31] 开始升级: 1.0.5 -> 1.0.6
[2026-09-11 22:22:22] 升级包下载完成
[2026-09-11 22:22:22] 升级包安全检查通过
[2026-09-11 22:22:22] 当前版本备份完成
[2026-09-11 22:22:22] 升级包解压完成
[2026-09-11 22:22:22] 程序文件安装完成
[2026-09-11 22:22:22] 健康检查通过
[2026-09-11 22:22:22] 当前版本已更新为 1.0.6
[2026-09-11 22:22:35] 升级日志上报成功: 1.0.5 -> 1.0.6 / success
[2026-09-12 13:54:38] 开始升级: 1.0.6 -> 1.0.8
[2026-09-12 13:54:39] 升级包下载完成
[2026-09-12 13:54:39] 升级包安全检查通过
[2026-09-12 13:54:39] 当前版本备份完成
[2026-09-12 13:54:39] 升级包解压完成
[2026-09-12 13:54:39] 程序文件安装完成
[2026-09-12 13:54:39] 健康检查通过
[2026-09-12 13:54:39] 当前版本已更新为 1.0.8
[2026-09-12 13:54:41] 升级日志上报成功: 1.0.6 -> 1.0.8 / success
